106.223.185.116 - - [02/Jul/2020:16:25:53 +0000] "GET / HTTP/1.1" 200 396 "-" "Mozilla/5.0 (Windows NT 10.0; Win64; x64) AppleWebKit/537.36 (KHTML, like Gecko) Chrome/83.0.4103.116 Safari/537.36"
106.223.185.116 - - [02/Jul/2020:16:25:55 +0000] "GET / HTTP/1.1" 304 0 "-" "Mozilla/5.0 (Windows NT 10.0; Win64; x64) AppleWebKit/537.36 (KHTML, like Gecko) Chrome/83.0.4103.116 Safari/537.36"
209.141.59.184 - - [02/Jul/2020:16:41:34 +0000] "GET / HTTP/1.1" 200 396 "http://18.216.161.119:80/left.html" "Mozilla/5.0 (X11; Ubuntu; Linux x86_64; rv:77.0) Gecko/20100101 Firefox/77.0"
114.38.85.26 - - [02/Jul/2020:16:59:07 +0000] "GET / HTTP/1.1" 400 182 "-" "-"
80.82.70.140 - - [02/Jul/2020:17:02:37 +0000] "GET / HTTP/1.1" 200 396 "http://18.216.161.119:80/left.html" "Mozilla/5.0 (X11; Ubuntu; Linux x86_64; rv:77.0) Gecko/20100101 Firefox/77.0"
175.182.249.211 - - [02/Jul/2020:17:14:39 +0000] "GET / HTTP/1.1" 400 182 "-" "-"
59.126.99.51 - - [02/Jul/2020:17:14:40 +0000] "GET / HTTP/1.1" 400 182 "-" "-"
122.117.56.136 - - [02/Jul/2020:17:14:44 +0000] "GET / HTTP/1.1" 400 182 "-" "-"
106.223.185.116 - - [02/Jul/2020:17:18:25 +0000] "GET / HTTP/1.1" 200 14 "-" "Mozilla/5.0 (Windows NT 10.0; Win64; x64) AppleWebKit/537.36 (KHTML, like Gecko) Chrome/83.0.4103.116 Safari/537.36"
106.223.185.116 - - [02/Jul/2020:17:18:31 +0000] "GET /logs HTTP/1.1" 200 4540 "-" "Mozilla/5.0 (Windows NT 10.0; Win64; x64) AppleWebKit/537.36 (KHTML, like Gecko) Chrome/83.0.4103.116 Safari/537.36"
106.223.185.116 - - [02/Jul/2020:17:19:59 +0000] "GET / HTTP/1.1" 200 14 "-" "Mozilla/5.0 (Linux; Android 10; POCO F1) AppleWebKit/537.36 (KHTML, like Gecko) Chrome/83.0.4103.106 Mobile Safari/537.36"
106.223.185.116 - - [02/Jul/2020:17:19:59 +0000] "GET /favicon.ico HTTP/1.1" 404 148 "http://18.216.161.119/" "Mozilla/5.0 (Linux; Android 10; POCO F1) AppleWebKit/537.36 (KHTML, like Gecko) Chrome/83.0.4103.106 Mobile Safari/537.36"
106.223.185.116 - - [02/Jul/2020:17:20:07 +0000] "GET /logs HTTP/1.1" 200 6264 "-" "Mozilla/5.0 (Windows NT 10.0; Win64; x64) AppleWebKit/537.36 (KHTML, like Gecko) Chrome/83.0.4103.116 Safari/537.36"
37.49.230.54 - - [02/Jul/2020:17:20:21 +0000] "GET / HTTP/1.1" 200 14 "http://18.216.161.119:80/left.html" "Mozilla/5.0 (X11; Ubuntu; Linux x86_64; rv:77.0) Gecko/20100101 Firefox/77.0"
42.111.6.118 - - [02/Jul/2020:17:21:37 +0000] "GET /logs HTTP/1.1" 200 7372 "-" "Mozilla/5.0 (Linux; Android 10; POCO F1) AppleWebKit/537.36 (KHTML, like Gecko) Chrome/83.0.4103.106 Mobile Safari/537.36"
42.111.6.118 - - [02/Jul/2020:17:21:39 +0000] "GET /favicon.ico HTTP/1.1" 404 148 "http://18.216.161.119/logs" "Mozilla/5.0 (Linux; Android 10; POCO F1) AppleWebKit/537.36 (KHTML, like Gecko) Chrome/83.0.4103.106 Mobile Safari/537.36"
106.223.185.116 - - [02/Jul/2020:17:22:00 +0000] "GET /logs HTTP/1.1" 200 8528 "-" "Mozilla/5.0 (Windows NT 10.0; Win64; x64) AppleWebKit/537.36 (KHTML, like Gecko) Chrome/83.0.4103.116 Safari/537.36"
36.80.202.87 - - [02/Jul/2020:17:22:40 +0000] "GET / HTTP/1.1" 200 14 "-" "Mozilla/5.0 (Windows NT 10.0; WOW64) AppleWebKit/537.36 (KHTML, like Gecko) Chrome/52.0.2743.116 Safari/537.36"
106.223.185.116 - - [02/Jul/2020:17:23:54 +0000] "GET /logs HTTP/1.1" 200 9638 "-" "Mozilla/5.0 (Windows NT 10.0; Win64; x64) AppleWebKit/537.36 (KHTML, like Gecko) Chrome/83.0.4103.116 Safari/537.36"
106.223.185.116 - - [02/Jul/2020:17:24:04 +0000] "GET /logs HTTP/1.1" 200 10202 "-" "Mozilla/5.0 (Linux; Android 10; POCO F1) AppleWebKit/537.36 (KHTML, like Gecko) Chrome/83.0.4103.106 Mobile Safari/537.36"
45.143.221.54 - - [02/Jul/2020:17:31:28 +0000] "GET / HTTP/1.1" 200 14 "http://18.216.161.119:80/left.html" "Mozilla/5.0 (X11; Ubuntu; Linux x86_64; rv:77.0) Gecko/20100101 Firefox/77.0"
106.223.185.116 - - [02/Jul/2020:17:38:47 +0000] "GET /logs HTTP/1.1" 200 11319 "-" "Mozilla/5.0 (Linux; Android 10; POCO F1) AppleWebKit/537.36 (KHTML, like Gecko) Chrome/83.0.4103.106 Mobile Safari/537.36"
188.136.146.113 - - [02/Jul/2020:18:10:48 +0000] "GET / HTTP/1.1" 400 182 "-" "-"
83.97.20.21 - - [02/Jul/2020:18:41:44 +0000] "GET / HTTP/1.0" 200 14 "-" "-"
45.201.202.132 - - [02/Jul/2020:18:54:55 +0000] "GET /admin/login.asp HTTP/1.1" 400 182 "-" "-"
209.17.96.74 - - [02/Jul/2020:18:55:22 +0000] "GET / HTTP/1.1" 200 14 "-" "Mozilla/5.0 (compatible; Nimbostratus-Bot/v1.3.2; http://cloudsystemnetworks.com)"
106.223.185.116 - - [06/Jul/2020:19:00:11 +0000] "GET /logs HTTP/1.1" 200 13749 "-" "Mozilla/5.0 (Windows NT 10.0; Win64; x64) AppleWebKit/537.36 (KHTML, like Gecko) Chrome/83.0.4103.116 Safari/537.36"
115.72.255.250 - - [07/Jul/2020:19:04:17 +0000] "GET / HTTP/1.1" 400 182 "-" "-"
113.161.244.33 - - [08/Jul/2020:19:11:23 +0000] "GET / HTTP/1.1" 400 182 "-" "-"
59.126.180.136 - - [09/Jul/2020:19:24:21 +0000] "GET / HTTP/1.1" 400 182 "-" "-"
114.33.75.249 - - [010/Jul/2020:19:35:34 +0000] "GET / HTTP/1.1" 400 182 "-" "-"